loading HF stress reference
[transformers] `torch_dtype` is deprecated! Use `dtype` instead!

Loading weights:   0%|          | 0/326 [00:00<?, ?it/s]
Loading weights: 100%|██████████| 326/326 [00:00<00:00, 12963.55it/s]
HF case hello
HF case factual
HF case reasoning
HF case code
HF case unicode
HF case repetition
HF case weird_control
HF case multi_turn_chat
HF case sampling_1
HF case sampling_2
HF case sampling_3
HF case long_context_512
HF case long_context_1024
loading ThinTensor mode bf16_triton_guarded
Thin bf16_triton_guarded case hello
[transformers] Ignoring clean_up_tokenization_spaces=True for BPE tokenizer TokenizersBackend. The clean_up_tokenization post-processing step is designed for WordPiece tokenizers and is destructive for BPE (it strips spaces before punctuation). Set clean_up_tokenization_spaces=False to suppress this warning, or set clean_up_tokenization_spaces_for_bpe_even_though_it_will_corrupt_output=True to force cleanup anyway.
Thin bf16_triton_guarded case factual
Thin bf16_triton_guarded case reasoning
Thin bf16_triton_guarded case code
Thin bf16_triton_guarded case unicode
Thin bf16_triton_guarded case repetition
Thin bf16_triton_guarded case weird_control
Thin bf16_triton_guarded case multi_turn_chat
Thin bf16_triton_guarded case sampling_1
Thin bf16_triton_guarded case sampling_2
Thin bf16_triton_guarded case sampling_3
Thin bf16_triton_guarded case long_context_512
Thin bf16_triton_guarded case long_context_1024
