loading HF stress reference
[transformers] `torch_dtype` is deprecated! Use `dtype` instead!

Loading weights:   0%|          | 0/326 [00:00<?, ?it/s]
Loading weights: 100%|██████████| 326/326 [00:00<00:00, 18055.98it/s]
HF case hello
HF case factual
HF case reasoning
HF case code
HF case unicode
HF case repetition
HF case weird_control
HF case multi_turn_chat
HF case sampling_1
HF case sampling_2
HF case sampling_3
HF case long_context_512
HF case long_context_1024
loading ThinTensor mode quality_8_28_head8_topk_guard
Thin quality_8_28_head8_topk_guard case hello
[transformers] Ignoring clean_up_tokenization_spaces=True for BPE tokenizer TokenizersBackend. The clean_up_tokenization post-processing step is designed for WordPiece tokenizers and is destructive for BPE (it strips spaces before punctuation). Set clean_up_tokenization_spaces=False to suppress this warning, or set clean_up_tokenization_spaces_for_bpe_even_though_it_will_corrupt_output=True to force cleanup anyway.
Thin quality_8_28_head8_topk_guard case factual
Thin quality_8_28_head8_topk_guard case reasoning
Thin quality_8_28_head8_topk_guard case code
Thin quality_8_28_head8_topk_guard case unicode
Thin quality_8_28_head8_topk_guard case repetition
Thin quality_8_28_head8_topk_guard case weird_control
Thin quality_8_28_head8_topk_guard case multi_turn_chat
Thin quality_8_28_head8_topk_guard case sampling_1
Thin quality_8_28_head8_topk_guard case sampling_2
Thin quality_8_28_head8_topk_guard case sampling_3
Thin quality_8_28_head8_topk_guard case long_context_512
Thin quality_8_28_head8_topk_guard case long_context_1024
