loading HF stress reference
[transformers] `torch_dtype` is deprecated! Use `dtype` instead!
Loading weights:   0%|          | 0/326 [00:00<?, ?it/s]Loading weights: 100%|██████████| 326/326 [00:00<00:00, 19202.64it/s]
HF case hello
HF case reasoning
HF case code
HF case unicode
HF case weird_control
HF case multi_turn_chat
HF case sampling_1
HF case sampling_2
HF case sampling_3
loading ThinTensor mode gate_up_fp8
Thin gate_up_fp8 case hello
[transformers] Ignoring clean_up_tokenization_spaces=True for BPE tokenizer TokenizersBackend. The clean_up_tokenization post-processing step is designed for WordPiece tokenizers and is destructive for BPE (it strips spaces before punctuation). Set clean_up_tokenization_spaces=False to suppress this warning, or set clean_up_tokenization_spaces_for_bpe_even_though_it_will_corrupt_output=True to force cleanup anyway.
Thin gate_up_fp8 case reasoning
Thin gate_up_fp8 case code
Thin gate_up_fp8 case unicode
Thin gate_up_fp8 case weird_control
Thin gate_up_fp8 case multi_turn_chat
Thin gate_up_fp8 case sampling_1
Thin gate_up_fp8 case sampling_2
Thin gate_up_fp8 case sampling_3
loading ThinTensor mode hybrid_mlp_fp8
Thin hybrid_mlp_fp8 case hello
Thin hybrid_mlp_fp8 case reasoning
Thin hybrid_mlp_fp8 case code
Thin hybrid_mlp_fp8 case unicode
Thin hybrid_mlp_fp8 case weird_control
Thin hybrid_mlp_fp8 case multi_turn_chat
Thin hybrid_mlp_fp8 case sampling_1
Thin hybrid_mlp_fp8 case sampling_2
Thin hybrid_mlp_fp8 case sampling_3
