Q8 comparison: HF BF16 reference
Loading weights:   0%|          | 0/326 [00:00<?, ?it/s]Loading weights: 100%|██████████| 326/326 [00:00<00:00, 14470.77it/s]
  HF BF16 hello
  HF BF16 factual
  HF BF16 reasoning
  HF BF16 code
  HF BF16 unicode
  HF BF16 repetition
  HF BF16 weird_control
  HF BF16 multi_turn_chat
  HF BF16 sampling_1
  HF BF16 sampling_2
  HF BF16 sampling_3
  HF BF16 long_context_512
  HF BF16 long_context_1024
Q8 comparison: ThinTensor quality FP8 10:26
  ThinTensor quality FP8 10:26 hello
  ThinTensor quality FP8 10:26 factual
  ThinTensor quality FP8 10:26 reasoning
  ThinTensor quality FP8 10:26 code
  ThinTensor quality FP8 10:26 unicode
  ThinTensor quality FP8 10:26 repetition
  ThinTensor quality FP8 10:26 weird_control
  ThinTensor quality FP8 10:26 multi_turn_chat
  ThinTensor quality FP8 10:26 sampling_1
  ThinTensor quality FP8 10:26 sampling_2
  ThinTensor quality FP8 10:26 sampling_3
  ThinTensor quality FP8 10:26 long_context_512
  ThinTensor quality FP8 10:26 long_context_1024
