benchmarking hf_bf16

Loading weights:   0%|          | 0/326 [00:00<?, ?it/s]
Loading weights: 100%|██████████| 326/326 [00:00<00:00, 4286.83it/s]
benchmarking hf_bnb_int8

Loading weights:   0%|          | 0/326 [00:00<?, ?it/s]
Loading weights:   2%|▏         | 5/326 [00:00<00:06, 48.92it/s]
Loading weights:   7%|▋         | 22/326 [00:00<00:02, 106.60it/s]
Loading weights:  12%|█▏        | 39/326 [00:00<00:02, 127.25it/s]
Loading weights:  16%|█▌        | 52/326 [00:00<00:02, 126.21it/s]
Loading weights:  21%|██        | 67/326 [00:00<00:01, 130.18it/s]
Loading weights:  26%|██▌       | 84/326 [00:00<00:01, 138.64it/s]
Loading weights:  30%|███       | 98/326 [00:00<00:01, 136.09it/s]
Loading weights:  34%|███▍      | 112/326 [00:00<00:01, 135.30it/s]
Loading weights:  40%|███▉      | 129/326 [00:00<00:01, 141.31it/s]
Loading weights:  44%|████▍     | 144/326 [00:01<00:01, 139.74it/s]
Loading weights:  48%|████▊     | 158/326 [00:01<00:01, 131.94it/s]
Loading weights:  54%|█████▎    | 175/326 [00:01<00:01, 139.43it/s]
Loading weights:  59%|█████▉    | 192/326 [00:01<00:00, 144.81it/s]
Loading weights:  63%|██████▎   | 207/326 [00:01<00:00, 143.95it/s]
Loading weights:  68%|██████▊   | 222/326 [00:01<00:00, 138.51it/s]
Loading weights:  73%|███████▎  | 238/326 [00:01<00:00, 142.67it/s]
Loading weights:  78%|███████▊  | 255/326 [00:01<00:00, 146.51it/s]
Loading weights:  83%|████████▎ | 270/326 [00:01<00:00, 144.52it/s]
Loading weights:  87%|████████▋ | 285/326 [00:02<00:00, 138.82it/s]
Loading weights:  92%|█████████▏| 301/326 [00:02<00:00, 141.96it/s]
Loading weights:  98%|█████████▊| 318/326 [00:02<00:00, 146.50it/s]
Loading weights: 100%|██████████| 326/326 [00:02<00:00, 138.62it/s]
/home/satvik/.local/lib/python3.14/site-packages/bitsandbytes/autograd/_functions.py:123: UserWarning: MatMul8bitLt: inputs will be cast from torch.bfloat16 to float16 during quantization
  warnings.warn(f"MatMul8bitLt: inputs will be cast from {A.dtype} to float16 during quantization")
benchmarking thin_bf16
benchmarking thin_quality_fp8
